// Vitest Snapshot v1, https://vitest.dev/guide/snapshot.html

exports[`default tool set > operation ids match the curated snapshot 1`] = `
[
  "aiAgents.create",
  "aiAgents.list",
  "aiAgents.update",
  "aiFiles.list",
  "aiFunctions.list",
  "analytics.blockedContactsPerDay",
  "analytics.broadcastStats",
  "analytics.flowStats",
  "analytics.newContactCountsPerDay",
  "analytics.sequenceStepStats",
  "broadcasts.get",
  "broadcasts.list",
  "broadcasts.stop",
  "capabilities.get",
  "contacts.addTagsByName",
  "contacts.create",
  "contacts.get",
  "contacts.list",
  "contacts.listCustomFields",
  "contacts.listMessages",
  "contacts.listSequences",
  "contacts.listTags",
  "contacts.search",
  "contacts.sendFlow",
  "contacts.sendMessage",
  "contacts.setCustomField",
  "contacts.subscribeSequences",
  "conversations.assign",
  "conversations.get",
  "conversations.list",
  "errorLogs.list",
  "flows.create",
  "flows.get",
  "flows.list",
  "flows.publish",
  "flows.updateDraft",
  "flows.validate",
  "keywords.list",
  "messages.list",
  "schemas.flowSpec",
  "sequences.get",
  "sequences.list",
  "sequences.update",
  "token.get",
]
`;
